// Jest Snapshot v1, https://goo.gl/fbAQLP

exports[`PhotoList is rendering renders 1`] = `
<DocumentFragment>
  <div>
    <div
      class="flex-row"
    />
  </div>
</DocumentFragment>
`;

exports[`matches snapshot 1`] = `
<DocumentFragment>
  <section>
    <h1
      data-testid="h1tag"
    >
      Portraits
    </h1>
    <p>
      Portraits of people in my life
    </p>
    <div>
      <div
        class="flex-row"
      >
        <img
          alt="Cat green eyes"
          class="img-thumbnail mx-1"
          src="0.jpg"
        />
        <img
          alt="Green parrot"
          class="img-thumbnail mx-1"
          src="1.jpg"
        />
        <img
          alt="Yellow macaw"
          class="img-thumbnail mx-1"
          src="2.jpg"
        />
        <img
          alt="French bulldog smile"
          class="img-thumbnail mx-1"
          src="3.jpg"
        />
      </div>
    </div>
  </section>
</DocumentFragment>
`;
